// Jest Snapshot v1, https://goo.gl/fbAQLP

exports[`<Button /> <Button /> icons should render a custom icon 1`] = `
.c0 {
  height: 30px;
  padding: 0 30px;
  font-weight: 600;
  font-size: 1.3rem;
  line-height: normal;
  border-radius: 3px;
  cursor: pointer;
  outline: 0;
  background-color: #ffffff;
  background-image: linear-gradient(to right top,#306ded,#2f78f1,#3283f3,#3a8ef6,#4598f7);
  color: #ffffff;
  border: 0;
}

.c0:hover {
  -webkit-box-shadow: inset 0 0 30px rgba(0,0,0,0.1);
  -moz-box-shadow: inset 0 0 30px rgba(0,0,0,0.1);
  box-shadow: inset 0 0 30px [object Object];
}

.c0:active {
  -webkit-box-shadow: inset 0 0 30px rgba(0,0,0,0.1);
  -moz-box-shadow: inset 0 0 30px rgba(0,0,0,0.1);
  box-shadow: inset 0 0 30px [object Object];
}

<button
  className="c0"
  color="primary"
  type="button"
/>
`;

exports[`<Button /> <Button /> icons should render the add icon 1`] = `
.c0 {
  height: 30px;
  padding: 0 30px;
  font-weight: 600;
  font-size: 1.3rem;
  line-height: normal;
  border-radius: 3px;
  cursor: pointer;
  outline: 0;
  background-color: #ffffff;
  background-image: linear-gradient(to right top,#306ded,#2f78f1,#3283f3,#3a8ef6,#4598f7);
  color: #ffffff;
  border: 0;
}

.c0:hover {
  -webkit-box-shadow: inset 0 0 30px rgba(0,0,0,0.1);
  -moz-box-shadow: inset 0 0 30px rgba(0,0,0,0.1);
  box-shadow: inset 0 0 30px [object Object];
}

.c0:active {
  -webkit-box-shadow: inset 0 0 30px rgba(0,0,0,0.1);
  -moz-box-shadow: inset 0 0 30px rgba(0,0,0,0.1);
  box-shadow: inset 0 0 30px [object Object];
}

<button
  className="c0"
  color="primary"
  type="button"
/>
`;

exports[`<Button /> <Button /> icons should render the add trash 1`] = `
.c0 {
  height: 30px;
  padding: 0 30px;
  font-weight: 600;
  font-size: 1.3rem;
  line-height: normal;
  border-radius: 3px;
  cursor: pointer;
  outline: 0;
  background-color: #ffffff;
  background-image: linear-gradient(to right top,#306ded,#2f78f1,#3283f3,#3a8ef6,#4598f7);
  color: #ffffff;
  border: 0;
}

.c0:hover {
  -webkit-box-shadow: inset 0 0 30px rgba(0,0,0,0.1);
  -moz-box-shadow: inset 0 0 30px rgba(0,0,0,0.1);
  box-shadow: inset 0 0 30px [object Object];
}

.c0:active {
  -webkit-box-shadow: inset 0 0 30px rgba(0,0,0,0.1);
  -moz-box-shadow: inset 0 0 30px rgba(0,0,0,0.1);
  box-shadow: inset 0 0 30px [object Object];
}

<button
  className="c0"
  color="primary"
  type="button"
/>
`;
