// Jest Snapshot v1, https://goo.gl/fbAQLP

exports[`<Button /> <Button /> icons should render a custom icon 1`] = `
.c0 {
  height: 30px;
  padding: 0 15px;
  font-weight: 500;
  font-size: 1.3rem;
  line-height: normal;
  border-radius: 2px;
  cursor: pointer;
  outline: 0;
  background-color: #ffffff;
  background-color: #007EFF;
  border: 1px solid #007EFF;
  color: #ffffff;
}

.c0:hover {
  -webkit-box-shadow: inset 0 0 30px rgba(0,0,0,0.1);
  -moz-box-shadow: inset 0 0 30px rgba(0,0,0,0.1);
  box-shadow: inset 0 0 30px [object Object];
}

.c0:active {
  -webkit-box-shadow: inset 0 0 30px rgba(0,0,0,0.1);
  -moz-box-shadow: inset 0 0 30px rgba(0,0,0,0.1);
  box-shadow: inset 0 0 30px [object Object];
}

.c0:focus {
  outline: 0;
}

.c0 > svg {
  margin-right: 10px;
  vertical-align: initial;
}

<button
  className="c0"
  color="primary"
  disabled={false}
  type="button"
/>
`;

exports[`<Button /> <Button /> icons should render the add icon 1`] = `
.c0 {
  height: 30px;
  padding: 0 15px;
  font-weight: 500;
  font-size: 1.3rem;
  line-height: normal;
  border-radius: 2px;
  cursor: pointer;
  outline: 0;
  background-color: #ffffff;
  background-color: #007EFF;
  border: 1px solid #007EFF;
  color: #ffffff;
}

.c0:hover {
  -webkit-box-shadow: inset 0 0 30px rgba(0,0,0,0.1);
  -moz-box-shadow: inset 0 0 30px rgba(0,0,0,0.1);
  box-shadow: inset 0 0 30px [object Object];
}

.c0:active {
  -webkit-box-shadow: inset 0 0 30px rgba(0,0,0,0.1);
  -moz-box-shadow: inset 0 0 30px rgba(0,0,0,0.1);
  box-shadow: inset 0 0 30px [object Object];
}

.c0:focus {
  outline: 0;
}

.c0 > svg {
  margin-right: 10px;
  vertical-align: initial;
}

<button
  className="c0"
  color="primary"
  disabled={false}
  type="button"
/>
`;

exports[`<Button /> <Button /> icons should render the add trash 1`] = `
.c0 {
  height: 30px;
  padding: 0 15px;
  font-weight: 500;
  font-size: 1.3rem;
  line-height: normal;
  border-radius: 2px;
  cursor: pointer;
  outline: 0;
  background-color: #ffffff;
  background-color: #007EFF;
  border: 1px solid #007EFF;
  color: #ffffff;
}

.c0:hover {
  -webkit-box-shadow: inset 0 0 30px rgba(0,0,0,0.1);
  -moz-box-shadow: inset 0 0 30px rgba(0,0,0,0.1);
  box-shadow: inset 0 0 30px [object Object];
}

.c0:active {
  -webkit-box-shadow: inset 0 0 30px rgba(0,0,0,0.1);
  -moz-box-shadow: inset 0 0 30px rgba(0,0,0,0.1);
  box-shadow: inset 0 0 30px [object Object];
}

.c0:focus {
  outline: 0;
}

.c0 > svg {
  margin-right: 10px;
  vertical-align: initial;
}

<button
  className="c0"
  color="primary"
  disabled={false}
  type="button"
/>
`;
